
> nisi@0.1.0 check
> npm run check:structural && npm test


> nisi@0.1.0 check:structural
> node scripts/structural-check.mjs

{"mutationResults":[{"caught":true,"expectedRule":"process-spawn","id":"STRUCT-001-SPAWN","observedRules":["process-spawn"]},{"caught":true,"expectedRule":"filesystem-write","id":"STRUCT-002-WRITE","observedRules":["filesystem-write"]},{"caught":true,"expectedRule":"network-effect","id":"STRUCT-003-NETWORK","observedRules":["network-effect"]},{"caught":true,"expectedRule":"dynamic-code","id":"STRUCT-004-EVAL","observedRules":["dynamic-code"]},{"caught":true,"expectedRule":"dynamic-import","id":"STRUCT-005-IMPORT","observedRules":["dynamic-import"]},{"caught":true,"expectedRule":"module-load","id":"STRUCT-006-REQUIRE","observedRules":["module-load"]},{"caught":true,"expectedRule":"process-mutation","id":"STRUCT-007-PROCESS-EXIT","observedRules":["process-mutation"]},{"caught":true,"expectedRule":"dynamic-or-worker-construction","id":"STRUCT-008-WORKER","observedRules":["dynamic-or-worker-construction"]}],"positiveResults":[{"findingCount":0,"id":"ALLOW-001-CANONICAL"},{"findingCount":0,"id":"ALLOW-002-VALIDATE"},{"findingCount":0,"id":"ALLOW-003-EVAL-SUBSTRING"},{"findingCount":0,"id":"ALLOW-004-FORBIDDEN-WORDS-AS-DATA"},{"findingCount":0,"id":"ALLOW-005-FORBIDDEN-WORD-IN-STRING"},{"findingCount":0,"id":"ALLOW-006-METHOD-DECLARATION-NOT-CALL"},{"findingCount":0,"id":"ALLOW-007-ORDINARY-COLLECTION-WORK"},{"findingCount":0,"id":"ALLOW-008-HASHING-IS-PERMITTED"}],"resultDigest":"66d9c396e18a434690c34ad059279774154062982313c2973fdb14f54c52eef0","schemaVersion":1,"sourceDigest":"d1049a26d2bea0d14e959c0af22af15b975345091c5fa5360e8bd685637f8e59","sourceFindings":[],"status":"PASS"}

> nisi@0.1.0 test
> node --test tests/*.test.mjs

✔ construction refuses anything outside the closed option set (2.674792ms)
✔ no grant is refusal, not a permissive default (0.975166ms)
✔ a consented item is read and answered, and only digests come back (195.596667ms)
✔ the same content under the same grant answers with the same digest (110.108667ms)
✔ a request with no declared content never reaches a process (1.121042ms)
✔ content the grant refuses never reaches a process (1.129583ms)
✔ revocation stops the executor immediately and terminally (129.93975ms)
✔ evidence that claims authority is refused rather than interpreted (1750.663459ms)
✔ evidence about different content, or a different grant, is refused (511.525166ms)
✔ an advisory over the granted cap, or one that does not match its digest, is refused (504.671958ms)
✔ the binary is re-verified before every launch (54.951791ms)
✔ child failures are refused with their own causes, never as evidence (505.692708ms)
✔ an aborted run is refused and leaves no reading behind (52.9575ms)
✔ a request that is not bytes is refused before the grant is consulted (0.811042ms)
✔ every field of the evidence reader is load-bearing, not decorative (404.71975ms)
✔ the answer digest binds the request bytes, not only the content (82.828334ms)
✔ pre-aborted and malformed contexts resolve to refusals without admission or spawn (0.903375ms)
✔ abort during listener registration prevents spawning (0.554292ms)
✔ evidence refuses malformed UTF-8, duplicate keys, wrong prompts and malformed limitations (1291.602708ms)
✔ zero advisory cap, UTF-8 BOM and frozen item mappings follow the native contract (53.271166ms)
✔ canonical JSON v1 exact bytes: numeric-key-order (1.896667ms)
✔ canonical JSON v1 exact bytes: proto-survival (0.177042ms)
✔ canonical JSON v1 exact bytes: scalar-order (0.1155ms)
✔ canonical JSON v1 exact bytes: decoded-key (0.145875ms)
✔ canonical JSON v1 exact bytes: null-value (0.097792ms)
✔ canonical JSON v1 exact bytes: empty-object (0.058667ms)
✔ canonical JSON v1 exact bytes: empty-array (0.078583ms)
✔ canonical JSON v1 exact bytes: array-order (0.057125ms)
✔ canonical JSON v1 exact bytes: true (0.072541ms)
✔ canonical JSON v1 exact bytes: false (0.094125ms)
✔ canonical JSON v1 exact bytes: null (0.053791ms)
✔ canonical JSON v1 exact bytes: whitespace (0.063ms)
✔ canonical JSON v1 exact bytes: nfd-value-preserved (0.063834ms)
✔ canonical JSON v1 exact bytes: embedded-bom (0.090542ms)
✔ canonical JSON v1 exact bytes: surrogate-pair (0.049625ms)
✔ canonical JSON v1 exact bytes: maximum-scalar (0.05625ms)
✔ canonical JSON v1 exact bytes: escapes (0.058417ms)
✔ canonical JSON v1 exact bytes: raw-noncontrols (0.036167ms)
✔ canonical JSON v1 integer boundary accepts 0 (0.041708ms)
✔ canonical JSON v1 integer boundary accepts 1 (0.025625ms)
✔ canonical JSON v1 integer boundary accepts -1 (0.039292ms)
✔ canonical JSON v1 integer boundary accepts 9007199254740991 (0.026792ms)
✔ canonical JSON v1 integer boundary accepts -9007199254740991 (0.046875ms)
✔ canonical JSON v1 number refuses exact source -0 (0.20025ms)
✔ canonical JSON v1 number refuses exact source 1.0 (0.043833ms)
✔ canonical JSON v1 number refuses exact source 1.5 (0.026459ms)
✔ canonical JSON v1 number refuses exact source 1e0 (0.025291ms)
✔ canonical JSON v1 number refuses exact source 1E+3 (0.024417ms)
✔ canonical JSON v1 number refuses exact source 1e-7 (0.025209ms)
✔ canonical JSON v1 number refuses exact source 01 (0.042291ms)
✔ canonical JSON v1 number refuses exact source -01 (0.025708ms)
✔ canonical JSON v1 number refuses exact source +1 (0.040875ms)
✔ canonical JSON v1 number refuses exact source - (0.026833ms)
✔ canonical JSON v1 number refuses exact source NaN (0.024083ms)
✔ canonical JSON v1 number refuses exact source Infinity (0.02525ms)
✔ canonical JSON v1 number refuses exact source -Infinity (0.099709ms)
✔ canonical JSON v1 number refuses exact source 9007199254740992 (0.02925ms)
✔ canonical JSON v1 number refuses exact source -9007199254740992 (0.027875ms)
✔ canonical JSON v1 number refuses exact source -9223372036854775808 (0.025084ms)
✔ canonical JSON v1 number refuses exact source 18446744073709551615 (0.025292ms)
✔ canonical JSON v1 number refuses exact source 999999999999999999999999 (0.047875ms)
✔ canonical JSON v1 refusal: same-key (0.517958ms)
✔ canonical JSON v1 refusal: escaped-same-key (0.058709ms)
✔ canonical JSON v1 refusal: nested-same-key (0.030833ms)
✔ canonical JSON v1 refusal: nul-key (0.019084ms)
✔ canonical JSON v1 refusal: nfd-key (0.113333ms)
✔ canonical JSON v1 refusal: nfc-nfd-collision (0.043125ms)
✔ canonical JSON v1 refusal: lone-high (0.024959ms)
✔ canonical JSON v1 refusal: lone-low (0.018458ms)
✔ canonical JSON v1 refusal: high-then-wrong-low (0.017416ms)
✔ canonical JSON v1 refusal: high-then-raw (0.015208ms)
✔ canonical JSON v1 refusal: surrogate-key (0.015167ms)
✔ canonical JSON v1 refusal: bad-escape (0.015459ms)
✔ canonical JSON v1 refusal: truncated-hex (0.015417ms)
✔ canonical JSON v1 refusal: invalid-hex (0.013791ms)
✔ canonical JSON v1 refusal: truncated-escape (0.036583ms)
✔ canonical JSON v1 refusal: raw-control (0.025041ms)
✔ canonical JSON v1 refusal: unterminated (0.019792ms)
✔ canonical JSON v1 refusal: object-trailing-comma (0.047917ms)
✔ canonical JSON v1 refusal: array-trailing-comma (0.0785ms)
✔ canonical JSON v1 refusal: top-level-tail (0.105834ms)
✔ canonical JSON v1 refusal: literal-tail (0.028333ms)
✔ canonical JSON v1 refusal: empty-document (0.066542ms)
✔ canonical JSON v1 refusal: missing-value (0.053667ms)
✔ canonical JSON v1 refusal: missing-colon (0.034791ms)
✔ canonical JSON v1 refusal: duplicate-proto (0.022084ms)
✔ canonical JSON v1 refusal: fraction-without-integer (0.018542ms)
✔ canonical JSON v1 refusal: exponent-without-mantissa (0.015833ms)
✔ canonical JSON v1 refusal: negative-fraction-without-integer (0.041792ms)
✔ canonical JSON v1 exact raw-byte refusal: invalid-ff-in-string (0.056334ms)
✔ canonical JSON v1 exact raw-byte refusal: overlong (0.020667ms)
✔ canonical JSON v1 exact raw-byte refusal: encoded-surrogate (0.0195ms)
✔ canonical JSON v1 exact raw-byte refusal: truncated-multibyte (0.019333ms)
✔ canonical JSON v1 exact raw-byte refusal: above-unicode-range (0.018417ms)
✔ canonical JSON v1 exact raw-byte refusal: leading-bom (0.016458ms)
✔ canonical JSON v1 depth 128 admitted, 129 and exact generated 512 refused (0.179791ms)
✔ canonical JSON v1 object limit is per object, checked at 4096/4097 and generated 10000 (17.562792ms)
✔ canonical JSON v1 input-byte cap accepts exactly 1 MiB and refuses above it (27.637291ms)
✔ canonical JSON v1 input cannot be an arbitrary object, string, proxy or shared buffer (0.173459ms)
✔ canonical JSON v1 handles sliced views and refuses detached input (0.162125ms)
✔ canonical JSON v1 ignores spoofed typed-array properties and never consults input hooks (0.061375ms)
✔ canonical JSON v1 primitive-only emission never calls container toJSON (0.097542ms)
✔ canonical JSON v1 key insertion permutations produce identical canonical digests (0.229792ms)
✔ canonical JSON v1 agrees with the independent serializer on every corpus vector (0.831166ms)
✔ canonical JSON v1 does not silently migrate legacy numeric-key or proto records (0.082083ms)
✔ canonical JSON v1 decoded astral duplicates and prefix/scalar key boundaries (0.056875ms)
✔ canonical JSON v1 size is the view length, not its larger backing allocation (0.041792ms)
✔ canonical JSON v1 captures current resized views and refuses out-of-bounds views (0.068958ms)
✔ canonical JSON v1 exact documented 400002-byte mixed string is admitted unchanged (4.202291ms)
✔ canonical JSON v1 integer magnitude is checked by value, not by digit count (0.093042ms)
✔ content item traps and symbol extras are CONTENT_ITEM_INVALID before reads or admission count (3.537292ms)
✔ same-size in-place mutation between read and final identity check is CONTENT_CHANGED_DURING_READ (1.423833ms)
✔ executor rejects malformed item maps and snapshots valid mappings at construction (195.618125ms)
✔ legacy payload digest remains exact while execution digest binds task identity (112.967917ms)
✔ a grant must be presented as canonical bytes (2.403708ms)
✔ a grant is refused unless every declared boundary is the boundary (2.647208ms)
✔ a valid grant admits content inside its scope and returns the file, not the caller claim (1.182208ms)
✔ scope is a path boundary, not a string prefix (0.962709ms)
✔ a symlink cannot carry content across the boundary (0.840291ms)
✔ each item is checked on its own terms (2.270333ms)
✔ a grant does not outlive its declared lifetime (0.73275ms)
✔ a clock that moves backwards is refused, not trusted (0.487292ms)
✔ revocation is immediate and terminal (0.48425ms)
✔ a grant reports what it is and claims nothing more (0.587833ms)
✔ the declared limits are the module constants, not per-call opinions (0.909333ms)
✔ the consent digest is pinned to its v1 domain string (0.308375ms)
✔ later clock failures are named refusals and status samples the clock once (0.607417ms)
✔ a final-component replacement after validation is refused before content is returned (1.017667ms)
✔ file kind is a declared label; the v1 policy does not parse JSON content (0.716375ms)
✔ the README example runs and prints what the README says it prints (38.954375ms)
✔ example repairs an acceptance failure, reruns checks/tests, and reviews with evidence (8.568958ms)
✔ malformed model identity, finish reason, envelope schema, Unicode, and duplicate keys fail closed (1.3165ms)
✔ configuration enforces exact loopback HTTP scope and bounded numeric caps (0.189834ms)
✔ pre-aborted upstream signal and abort during listener registration prevent fetch (0.212458ms)
✔ request and response byte caps fail before transport or cancel an active reader (0.255416ms)
✔ throwing and hanging fetches produce explicit unavailable and timeout receipts (21.649167ms)
✔ adapter snapshots configuration and freezes receipt snapshots (0.476041ms)
✔ response cleanup preserves its original error even when cancellation throws (0.260125ms)
✔ strict codec rejects duplicate object keys and accepts one JSON fence (0.930208ms)
✔ factory requires literal loopback HTTP destination and rejects redirects by request policy (2.16475ms)
✔ author builds draft result from model data and preserves exact engine binding (1.539666ms)
✔ reviewer derives PASS or FAIL and identity from its configuration (0.278708ms)
✔ length finish reason and oversized streamed body are refused (0.743375ms)
✔ descriptive public names preserve the original v1 factories and imports (1.695834ms)
✔ runnable workflow example executes failing and passing assertions, repairs, reviews and saves its report (70.031375ms)
✔ normal edit mode produces a bound completed report (4.727541ms)
✔ review mode validates the supplied candidate and never invokes draft or repair (1.11075ms)
✔ a repair reruns all checks, tests, and reviewers with a new attempt binding (1.163959ms)
✔ failed, unavailable, and not-run statuses remain non-successes with distinct outcomes (1.147917ms)
✔ repair budget, no progress, and repeated fingerprints are explicit (1.378125ms)
✔ actual task and candidate mutation attempts fail while frozen snapshots remain unchanged (0.553833ms)
✔ replay identity binds task, run, attempt, and candidate evidence (0.665625ms)
✔ stale or malformed evidence and protected or out-of-scope candidates are blocked (1.305334ms)
✔ cancellation before and during listener registration prevents adapter calls (0.334708ms)
✔ async timeout and synchronous clock advancement are timed out before later adapters (16.709583ms)
✔ clock regression and deadline overflow fail closed (0.557541ms)
✔ report stores receive exact frozen report and binding hashes; required failure blocks (1.377375ms)
✔ task specification and candidate inputs are frozen and schema-checked (0.596875ms)
✔ captured reviewer list, IDs and methods survive caller mutation after authorization (0.371833ms)
✔ reviewers receive immutable fresh check and test evidence; all required reviewers run (0.421625ms)
✔ captured evidence cannot replay across task, run, candidate or repair attempt (1.92875ms)
✔ test status and assertion count invariants reject contradictory evidence (1.407833ms)
✔ all valid repair responses retain evidence, including fixed points and cycles (1.5065ms)
✔ post-task setup refusals retain identity, and all invalid clocks have CLOCK_INVALID (0.708417ms)
✔ valid store refusals, invalid receipts, exceptions, timeout and cancellation preserve the workflow outcome (43.914958ms)
ℹ tests 165
ℹ suites 0
ℹ pass 165
ℹ fail 0
ℹ cancelled 0
ℹ skipped 0
ℹ todo 0
ℹ duration_ms 5703.898875
