TAP version 13
# Subtest: accepted declaration is recursively frozen, copied, nonauthorizing, and makes no result claim
ok 1 - accepted declaration is recursively frozen, copied, nonauthorizing, and makes no result claim
  ---
  duration_ms: 0.9955
  type: 'test'
  ...
# Subtest: policy influence starts off and proposer cannot approve the plan
ok 2 - policy influence starts off and proposer cannot approve the plan
  ---
  duration_ms: 0.196083
  type: 'test'
  ...
# Subtest: training and held-out evaluation tasks are digest-disjoint and unique
ok 3 - training and held-out evaluation tasks are digest-disjoint and unique
  ---
  duration_ms: 0.143166
  type: 'test'
  ...
# Subtest: arm order is predeclared for every even repetition and exactly counterbalanced
ok 4 - arm order is predeclared for every even repetition and exactly counterbalanced
  ---
  duration_ms: 0.100625
  type: 'test'
  ...
# Subtest: exclusions and known budgets are predeclared while measurements remain unknown
ok 5 - exclusions and known budgets are predeclared while measurements remain unknown
  ---
  duration_ms: 0.598792
  type: 'test'
  ...
# Subtest: exact plain data descriptors reject accessors symbols hidden fields arrays and prototype surprises without invocation
ok 6 - exact plain data descriptors reject accessors symbols hidden fields arrays and prototype surprises without invocation
  ---
  duration_ms: 0.089875
  type: 'test'
  ...
# Subtest: caller mutation cannot change the plan hash and each experimental variable changes it
ok 7 - caller mutation cannot change the plan hash and each experimental variable changes it
  ---
  duration_ms: 0.360167
  type: 'test'
  ...
# Subtest: identifier digest schema and inventory bounds are strict
ok 8 - identifier digest schema and inventory bounds are strict
  ---
  duration_ms: 0.066708
  type: 'test'
  ...
# Subtest: all digests reject terminal newlines and repetitions have an explicit planning cap
ok 9 - all digests reject terminal newlines and repetitions have an explicit planning cap
  ---
  duration_ms: 0.130125
  type: 'test'
  ...
1..9
# tests 9
# suites 0
# pass 9
# fail 0
# cancelled 0
# skipped 0
# todo 0
# duration_ms 46.143416
