
> nisi@0.1.0 check
> npm run check:structural && npm test


> nisi@0.1.0 check:structural
> node scripts/require-node.cjs && node scripts/structural-check.mjs

{"mutationResults":[{"caught":true,"expectedRule":"process-spawn","id":"STRUCT-001-SPAWN","observedRules":["process-spawn"]},{"caught":true,"expectedRule":"filesystem-write","id":"STRUCT-002-WRITE","observedRules":["filesystem-write"]},{"caught":true,"expectedRule":"network-effect","id":"STRUCT-003-NETWORK","observedRules":["network-effect"]},{"caught":true,"expectedRule":"dynamic-code","id":"STRUCT-004-EVAL","observedRules":["dynamic-code"]},{"caught":true,"expectedRule":"dynamic-import","id":"STRUCT-005-IMPORT","observedRules":["dynamic-import"]},{"caught":true,"expectedRule":"module-load","id":"STRUCT-006-REQUIRE","observedRules":["module-load"]},{"caught":true,"expectedRule":"process-mutation","id":"STRUCT-007-PROCESS-EXIT","observedRules":["process-mutation"]},{"caught":true,"expectedRule":"dynamic-or-worker-construction","id":"STRUCT-008-WORKER","observedRules":["dynamic-or-worker-construction"]}],"positiveResults":[{"findingCount":0,"id":"ALLOW-001-CANONICAL"},{"findingCount":0,"id":"ALLOW-002-VALIDATE"},{"findingCount":0,"id":"ALLOW-003-EVAL-SUBSTRING"},{"findingCount":0,"id":"ALLOW-004-FORBIDDEN-WORDS-AS-DATA"},{"findingCount":0,"id":"ALLOW-005-FORBIDDEN-WORD-IN-STRING"},{"findingCount":0,"id":"ALLOW-006-METHOD-DECLARATION-NOT-CALL"},{"findingCount":0,"id":"ALLOW-007-ORDINARY-COLLECTION-WORK"},{"findingCount":0,"id":"ALLOW-008-HASHING-IS-PERMITTED"}],"resultDigest":"66d9c396e18a434690c34ad059279774154062982313c2973fdb14f54c52eef0","schemaVersion":1,"sourceDigest":"d1049a26d2bea0d14e959c0af22af15b975345091c5fa5360e8bd685637f8e59","sourceFindings":[],"status":"PASS"}

> nisi@0.1.0 test
> node scripts/require-node.cjs && node --test tests/*.test.mjs

✔ construction refuses anything outside the closed option set (3.596417ms)
✔ no grant is refusal, not a permissive default (1.654875ms)
✔ a consented item is read and answered, and only digests come back (419.515667ms)
✔ the same content under the same grant answers with the same digest (113.5715ms)
✔ a request with no declared content never reaches a process (1.335583ms)
✔ content the grant refuses never reaches a process (1.77075ms)
✔ revocation stops the executor immediately and terminally (130.8745ms)
✔ evidence that claims authority is refused rather than interpreted (1997.248834ms)
✔ evidence about different content, or a different grant, is refused (603.626334ms)
✔ an advisory over the granted cap, or one that does not match its digest, is refused (565.924041ms)
✔ the binary is re-verified before every launch (63.592875ms)
✔ child failures are refused with their own causes, never as evidence (556.842125ms)
✔ an aborted run is refused and leaves no reading behind (53.613291ms)
✔ a request that is not bytes is refused before the grant is consulted (1.166667ms)
✔ every field of the evidence reader is load-bearing, not decorative (474.267708ms)
✔ the answer digest binds the request bytes, not only the content (85.254416ms)
✔ pre-aborted and malformed contexts resolve to refusals without admission or spawn (1.079041ms)
✔ abort during listener registration prevents spawning (2.580542ms)
✔ evidence refuses malformed UTF-8, duplicate keys, wrong prompts and malformed limitations (1532.448041ms)
✔ zero advisory cap, UTF-8 BOM and frozen item mappings follow the native contract (121.956583ms)
✔ canonical JSON v1 exact bytes: numeric-key-order (2.283791ms)
✔ canonical JSON v1 exact bytes: proto-survival (0.169208ms)
✔ canonical JSON v1 exact bytes: scalar-order (0.282084ms)
✔ canonical JSON v1 exact bytes: decoded-key (0.216291ms)
✔ canonical JSON v1 exact bytes: null-value (0.119416ms)
✔ canonical JSON v1 exact bytes: empty-object (0.053416ms)
✔ canonical JSON v1 exact bytes: empty-array (0.112125ms)
✔ canonical JSON v1 exact bytes: array-order (0.103208ms)
✔ canonical JSON v1 exact bytes: true (0.047ms)
✔ canonical JSON v1 exact bytes: false (0.078667ms)
✔ canonical JSON v1 exact bytes: null (0.04325ms)
✔ canonical JSON v1 exact bytes: whitespace (0.048208ms)
✔ canonical JSON v1 exact bytes: nfd-value-preserved (0.045875ms)
✔ canonical JSON v1 exact bytes: embedded-bom (0.1ms)
✔ canonical JSON v1 exact bytes: surrogate-pair (0.047042ms)
✔ canonical JSON v1 exact bytes: maximum-scalar (0.033208ms)
✔ canonical JSON v1 exact bytes: escapes (0.037167ms)
✔ canonical JSON v1 exact bytes: raw-noncontrols (0.152292ms)
✔ canonical JSON v1 integer boundary accepts 0 (0.047208ms)
✔ canonical JSON v1 integer boundary accepts 1 (0.150583ms)
✔ canonical JSON v1 integer boundary accepts -1 (0.086416ms)
✔ canonical JSON v1 integer boundary accepts 9007199254740991 (0.037916ms)
✔ canonical JSON v1 integer boundary accepts -9007199254740991 (0.02875ms)
✔ canonical JSON v1 number refuses exact source -0 (0.242917ms)
✔ canonical JSON v1 number refuses exact source 1.0 (0.053459ms)
✔ canonical JSON v1 number refuses exact source 1.5 (0.026833ms)
✔ canonical JSON v1 number refuses exact source 1e0 (0.024542ms)
✔ canonical JSON v1 number refuses exact source 1E+3 (0.024042ms)
✔ canonical JSON v1 number refuses exact source 1e-7 (0.037417ms)
✔ canonical JSON v1 number refuses exact source 01 (0.037042ms)
✔ canonical JSON v1 number refuses exact source -01 (0.024083ms)
✔ canonical JSON v1 number refuses exact source +1 (0.03675ms)
✔ canonical JSON v1 number refuses exact source - (0.042333ms)
✔ canonical JSON v1 number refuses exact source NaN (0.025667ms)
✔ canonical JSON v1 number refuses exact source Infinity (0.027375ms)
✔ canonical JSON v1 number refuses exact source -Infinity (0.054375ms)
✔ canonical JSON v1 number refuses exact source 9007199254740992 (0.0285ms)
✔ canonical JSON v1 number refuses exact source -9007199254740992 (0.032334ms)
✔ canonical JSON v1 number refuses exact source -9223372036854775808 (0.040083ms)
✔ canonical JSON v1 number refuses exact source 18446744073709551615 (0.022708ms)
✔ canonical JSON v1 number refuses exact source 999999999999999999999999 (0.033875ms)
✔ canonical JSON v1 refusal: same-key (0.036333ms)
✔ canonical JSON v1 refusal: escaped-same-key (0.697084ms)
✔ canonical JSON v1 refusal: nested-same-key (0.029916ms)
✔ canonical JSON v1 refusal: nul-key (0.026125ms)
✔ canonical JSON v1 refusal: nfd-key (0.0305ms)
✔ canonical JSON v1 refusal: nfc-nfd-collision (0.022833ms)
✔ canonical JSON v1 refusal: lone-high (0.019625ms)
✔ canonical JSON v1 refusal: lone-low (0.02225ms)
✔ canonical JSON v1 refusal: high-then-wrong-low (0.018584ms)
✔ canonical JSON v1 refusal: high-then-raw (0.02525ms)
✔ canonical JSON v1 refusal: surrogate-key (0.018459ms)
✔ canonical JSON v1 refusal: bad-escape (0.018708ms)
✔ canonical JSON v1 refusal: truncated-hex (0.022792ms)
✔ canonical JSON v1 refusal: invalid-hex (0.017083ms)
✔ canonical JSON v1 refusal: truncated-escape (0.020416ms)
✔ canonical JSON v1 refusal: raw-control (0.017791ms)
✔ canonical JSON v1 refusal: unterminated (0.023ms)
✔ canonical JSON v1 refusal: object-trailing-comma (0.021041ms)
✔ canonical JSON v1 refusal: array-trailing-comma (0.026541ms)
✔ canonical JSON v1 refusal: top-level-tail (0.02025ms)
✔ canonical JSON v1 refusal: literal-tail (0.01825ms)
✔ canonical JSON v1 refusal: empty-document (0.023042ms)
✔ canonical JSON v1 refusal: missing-value (0.034667ms)
✔ canonical JSON v1 refusal: missing-colon (0.02775ms)
✔ canonical JSON v1 refusal: duplicate-proto (0.021709ms)
✔ canonical JSON v1 refusal: fraction-without-integer (0.018583ms)
✔ canonical JSON v1 refusal: exponent-without-mantissa (0.019916ms)
✔ canonical JSON v1 refusal: negative-fraction-without-integer (0.031167ms)
✔ canonical JSON v1 exact raw-byte refusal: invalid-ff-in-string (0.069417ms)
✔ canonical JSON v1 exact raw-byte refusal: overlong (0.024708ms)
✔ canonical JSON v1 exact raw-byte refusal: encoded-surrogate (0.035208ms)
✔ canonical JSON v1 exact raw-byte refusal: truncated-multibyte (0.024ms)
✔ canonical JSON v1 exact raw-byte refusal: above-unicode-range (0.023208ms)
✔ canonical JSON v1 exact raw-byte refusal: leading-bom (0.021333ms)
✔ canonical JSON v1 depth 128 admitted, 129 and exact generated 512 refused (0.235459ms)
✔ canonical JSON v1 object limit is per object, checked at 4096/4097 and generated 10000 (19.618625ms)
✔ canonical JSON v1 input-byte cap accepts exactly 1 MiB and refuses above it (25.839375ms)
✔ canonical JSON v1 input cannot be an arbitrary object, string, proxy or shared buffer (0.17475ms)
✔ canonical JSON v1 handles sliced views and refuses detached input (0.406625ms)
✔ canonical JSON v1 ignores spoofed typed-array properties and never consults input hooks (0.100833ms)
✔ canonical JSON v1 primitive-only emission never calls container toJSON (0.115042ms)
✔ canonical JSON v1 key insertion permutations produce identical canonical digests (0.167958ms)
✔ canonical JSON v1 agrees with the independent serializer on every corpus vector (0.785584ms)
✔ canonical JSON v1 does not silently migrate legacy numeric-key or proto records (0.114916ms)
✔ canonical JSON v1 decoded astral duplicates and prefix/scalar key boundaries (0.06225ms)
✔ canonical JSON v1 size is the view length, not its larger backing allocation (0.048125ms)
✔ canonical JSON v1 captures current resized views and refuses out-of-bounds views (0.070792ms)
✔ canonical JSON v1 exact documented 400002-byte mixed string is admitted unchanged (4.226208ms)
✔ canonical JSON v1 integer magnitude is checked by value, not by digit count (0.166417ms)
✔ content item traps and symbol extras are CONTENT_ITEM_INVALID before reads or admission count (4.247334ms)
✔ same-size in-place mutation between read and final identity check is CONTENT_CHANGED_DURING_READ (1.198792ms)
✔ executor rejects malformed item maps and snapshots valid mappings at construction (440.715375ms)
✔ legacy payload digest remains exact while execution digest binds task identity (154.612167ms)
✔ a grant must be presented as canonical bytes (3.168833ms)
✔ a grant is refused unless every declared boundary is the boundary (2.4715ms)
✔ a valid grant admits content inside its scope and returns the file, not the caller claim (1.34ms)
✔ scope is a path boundary, not a string prefix (1.385084ms)
✔ a symlink cannot carry content across the boundary (1.845167ms)
✔ each item is checked on its own terms (2.179292ms)
✔ a grant does not outlive its declared lifetime (1.05675ms)
✔ a clock that moves backwards is refused, not trusted (0.883542ms)
✔ revocation is immediate and terminal (0.553792ms)
✔ a grant reports what it is and claims nothing more (0.7865ms)
✔ the declared limits are the module constants, not per-call opinions (0.874625ms)
✔ the consent digest is pinned to its v1 domain string (0.478167ms)
✔ later clock failures are named refusals and status samples the clock once (0.825375ms)
✔ a final-component replacement after validation is refused before content is returned (0.905333ms)
✔ file kind is a declared label; the v1 policy does not parse JSON content (0.435916ms)
✔ the README example runs and prints what the README says it prints (40.196417ms)
✔ example repairs an acceptance failure, reruns checks/tests, and reviews with evidence (7.340042ms)
✔ malformed model identity, finish reason, envelope schema, Unicode, and duplicate keys fail closed (1.934459ms)
✔ configuration enforces exact loopback HTTP scope and bounded numeric caps (0.196792ms)
✔ pre-aborted upstream signal and abort during listener registration prevent fetch (0.232584ms)
✔ request and response byte caps fail before transport or cancel an active reader (0.526583ms)
✔ throwing and hanging fetches produce explicit unavailable and timeout receipts (21.931ms)
✔ adapter snapshots configuration and freezes receipt snapshots (0.403375ms)
✔ response cleanup preserves its original error even when cancellation throws (0.236792ms)
✔ strict codec rejects duplicate object keys and accepts one JSON fence (0.953042ms)
✔ factory requires literal loopback HTTP destination and rejects redirects by request policy (1.570625ms)
✔ author builds draft result from model data and preserves exact engine binding (1.537458ms)
✔ reviewer derives PASS or FAIL and identity from its configuration (0.7185ms)
✔ length finish reason and oversized streamed body are refused (0.864375ms)
✔ Node preflight validates actual process.version and rejects unsupported versions (0.505042ms)
✔ CLI parser is pure, requires exactly three arguments, and validates endpoint/model config (0.910958ms)
✔ programmatic example API remains callable with injected deterministic transport (4.386417ms)
✔ real CLI exits 2 for invalid argument and never reaches inference (32.809458ms)
✔ descriptive public names preserve the original v1 factories and imports (1.474708ms)
✔ runnable workflow example executes failing and passing assertions, repairs, reviews and saves its report (78.219ms)
✔ normal edit mode produces a bound completed report (3.808334ms)
✔ review mode validates the supplied candidate and never invokes draft or repair (0.512084ms)
✔ a repair reruns all checks, tests, and reviewers with a new attempt binding (0.753ms)
✔ failed, unavailable, and not-run statuses remain non-successes with distinct outcomes (0.932ms)
✔ repair budget, no progress, and repeated fingerprints are explicit (2.183791ms)
✔ actual task and candidate mutation attempts fail while frozen snapshots remain unchanged (0.530542ms)
✔ replay identity binds task, run, attempt, and candidate evidence (0.75725ms)
✔ stale or malformed evidence and protected or out-of-scope candidates are blocked (1.28ms)
✔ cancellation before and during listener registration prevents adapter calls (0.37775ms)
✔ async timeout and synchronous clock advancement are timed out before later adapters (16.719ms)
✔ clock regression and deadline overflow fail closed (0.28ms)
✔ report stores receive exact frozen report and binding hashes; required failure blocks (0.64175ms)
✔ task specification and candidate inputs are frozen and schema-checked (0.444375ms)
✔ captured reviewer list, IDs and methods survive caller mutation after authorization (0.24175ms)
✔ reviewers receive immutable fresh check and test evidence; all required reviewers run (0.2385ms)
✔ captured evidence cannot replay across task, run, candidate or repair attempt (2.147792ms)
✔ test status and assertion count invariants reject contradictory evidence (1.315625ms)
✔ all valid repair responses retain evidence, including fixed points and cycles (1.650333ms)
✔ post-task setup refusals retain identity, and all invalid clocks have CLOCK_INVALID (0.887333ms)
✔ valid store refusals, invalid receipts, exceptions, timeout and cancellation preserve the workflow outcome (45.005959ms)
ℹ tests 169
ℹ suites 0
ℹ pass 169
ℹ fail 0
ℹ cancelled 0
ℹ skipped 0
ℹ todo 0
ℹ duration_ms 6780.366416
