
> nisi-private-run-journal-work-order@0.0.0-private test:journal
> node --test --test-timeout=5000 tests/run-journal.test.mjs

✖ 01 exact synchronous API, empty complete framing and non-authority (0.581417ms)
✖ 02 closed configuration and entry schemas reject malformed data atomically (0.501042ms)
✖ 03 full attribution retained and cross-project input refused (0.080458ms)
✖ 04 canonical exact replay is idempotent across object key order and capacity (0.066167ms)
✖ 05 same id with changed binding, lifecycle or redacted content is CONFLICT (0.070209ms)
✖ 06 terminal replay never becomes new work; retries need new id and valid citation (0.062833ms)
✖ 07 TTL boundary, irreversible payload retention and caller time validation (0.064291ms)
✖ 08 stale heartbeat is UNKNOWN and never sufficient for retry (0.262917ms)
✖ 09 maxEntries bounds retained payloads in insertion order but never forgets ids (0.129208ms)
✖ 10 revocation cites an existing exact attempt and candidate without deleting it (0.166583ms)
✖ 11 revocation survives tombstones, expiry, revoker revocation and reopen (0.101042ms)
✖ 12 declared payload paths redact nested values and arrays before exposure (0.084333ms)
✖ 13 complete persisted reopen is historical through replay and serialization cycles (0.092708ms)
✖ 14 truncation recovers only committed prefix and cannot be resealed or appended (0.104292ms)
✖ 15 invalid line stops recovery; deletion or reordering cannot bless later entries (0.056959ms)
✖ 16 footer mismatches and data after footer report uncertainty without losing recovered ids (0.050125ms)
✖ 17 closed persisted schema rejects profiles, duplicate ids and semantically invalid records (0.064417ms)
✖ 18 snapshots are deeply frozen, caller-independent and serialization is deterministic (0.070916ms)
ℹ tests 18
ℹ suites 0
ℹ pass 0
ℹ fail 18
ℹ cancelled 0
ℹ skipped 0
ℹ todo 0
ℹ duration_ms 58.313542

✖ failing tests:

test at tests/run-journal.test.mjs:39:1
✖ 01 exact synchronous API, empty complete framing and non-authority (0.581417ms)
  Error: NOT_IMPLEMENTED
      at createRunJournal (file:///Users/louiscalata/nisi-next-private/work-orders/run-journal/src/run-journal-v1.mjs:2:44)
      at make (file:///Users/louiscalata/nisi-next-private/work-orders/run-journal/tests/run-journal.test.mjs:11:25)
      at TestContext.<anonymous> (file:///Users/louiscalata/nisi-next-private/work-orders/run-journal/tests/run-journal.test.mjs:40:13)
      at Test.runInAsyncScope (node:async_hooks:227:14)
      at Test.run (node:internal/test_runner/test:1325:25)
      at Test.start (node:internal/test_runner/test:1191:17)
      at startSubtestAfterBootstrap (node:internal/test_runner/harness:385:17)

test at tests/run-journal.test.mjs:51:1
✖ 02 closed configuration and entry schemas reject malformed data atomically (0.501042ms)
  AssertionError [ERR_ASSERTION]: The validation function is expected to return "true". Received false
  
  Caught error:
  
  Error: NOT_IMPLEMENTED
      at TestContext.<anonymous> (file:///Users/louiscalata/nisi-next-private/work-orders/run-journal/tests/run-journal.test.mjs:54:56)
      at Test.runInAsyncScope (node:async_hooks:227:14)
      at Test.run (node:internal/test_runner/test:1325:25)
      at Test.processPendingSubtests (node:internal/test_runner/test:911:18)
      at Test.postRun (node:internal/test_runner/test:1465:19)
      at Test.run (node:internal/test_runner/test:1390:12)
      at async startSubtestAfterBootstrap (node:internal/test_runner/harness:385:3) {
    generatedMessage: true,
    code: 'ERR_ASSERTION',
    actual: Error: NOT_IMPLEMENTED
        at createRunJournal (file:///Users/louiscalata/nisi-next-private/work-orders/run-journal/src/run-journal-v1.mjs:2:44)
        at file:///Users/louiscalata/nisi-next-private/work-orders/run-journal/tests/run-journal.test.mjs:54:69
        at getActual (node:assert:611:5)
        at strict.throws (node:assert:759:24)
        at TestContext.<anonymous> (file:///Users/louiscalata/nisi-next-private/work-orders/run-journal/tests/run-journal.test.mjs:54:56)
        at Test.runInAsyncScope (node:async_hooks:227:14)
        at Test.run (node:internal/test_runner/test:1325:25)
        at Test.processPendingSubtests (node:internal/test_runner/test:911:18)
        at Test.postRun (node:internal/test_runner/test:1465:19)
        at Test.run (node:internal/test_runner/test:1390:12),
    operator: 'throws',
    diff: 'simple'
  }

test at tests/run-journal.test.mjs:66:1
✖ 03 full attribution retained and cross-project input refused (0.080458ms)
  Error: NOT_IMPLEMENTED
      at createRunJournal (file:///Users/louiscalata/nisi-next-private/work-orders/run-journal/src/run-journal-v1.mjs:2:44)
      at make (file:///Users/louiscalata/nisi-next-private/work-orders/run-journal/tests/run-journal.test.mjs:11:25)
      at TestContext.<anonymous> (file:///Users/louiscalata/nisi-next-private/work-orders/run-journal/tests/run-journal.test.mjs:67:13)
      at Test.runInAsyncScope (node:async_hooks:227:14)
      at Test.run (node:internal/test_runner/test:1325:25)
      at Test.processPendingSubtests (node:internal/test_runner/test:911:18)
      at Test.postRun (node:internal/test_runner/test:1465:19)
      at Test.run (node:internal/test_runner/test:1390:12)
      at async Test.processPendingSubtests (node:internal/test_runner/test:911:7)

test at tests/run-journal.test.mjs:78:1
✖ 04 canonical exact replay is idempotent across object key order and capacity (0.066167ms)
  Error: NOT_IMPLEMENTED
      at createRunJournal (file:///Users/louiscalata/nisi-next-private/work-orders/run-journal/src/run-journal-v1.mjs:2:44)
      at make (file:///Users/louiscalata/nisi-next-private/work-orders/run-journal/tests/run-journal.test.mjs:11:25)
      at TestContext.<anonymous> (file:///Users/louiscalata/nisi-next-private/work-orders/run-journal/tests/run-journal.test.mjs:79:13)
      at Test.runInAsyncScope (node:async_hooks:227:14)
      at Test.run (node:internal/test_runner/test:1325:25)
      at Test.processPendingSubtests (node:internal/test_runner/test:911:18)
      at Test.postRun (node:internal/test_runner/test:1465:19)
      at Test.run (node:internal/test_runner/test:1390:12)
      at async Test.processPendingSubtests (node:internal/test_runner/test:911:7)

test at tests/run-journal.test.mjs:90:1
✖ 05 same id with changed binding, lifecycle or redacted content is CONFLICT (0.070209ms)
  Error: NOT_IMPLEMENTED
      at createRunJournal (file:///Users/louiscalata/nisi-next-private/work-orders/run-journal/src/run-journal-v1.mjs:2:44)
      at make (file:///Users/louiscalata/nisi-next-private/work-orders/run-journal/tests/run-journal.test.mjs:11:25)
      at TestContext.<anonymous> (file:///Users/louiscalata/nisi-next-private/work-orders/run-journal/tests/run-journal.test.mjs:91:13)
      at Test.runInAsyncScope (node:async_hooks:227:14)
      at Test.run (node:internal/test_runner/test:1325:25)
      at Test.processPendingSubtests (node:internal/test_runner/test:911:18)
      at Test.postRun (node:internal/test_runner/test:1465:19)
      at Test.run (node:internal/test_runner/test:1390:12)
      at async Test.processPendingSubtests (node:internal/test_runner/test:911:7)

test at tests/run-journal.test.mjs:102:1
✖ 06 terminal replay never becomes new work; retries need new id and valid citation (0.062833ms)
  Error: NOT_IMPLEMENTED
      at createRunJournal (file:///Users/louiscalata/nisi-next-private/work-orders/run-journal/src/run-journal-v1.mjs:2:44)
      at make (file:///Users/louiscalata/nisi-next-private/work-orders/run-journal/tests/run-journal.test.mjs:11:25)
      at TestContext.<anonymous> (file:///Users/louiscalata/nisi-next-private/work-orders/run-journal/tests/run-journal.test.mjs:103:13)
      at Test.runInAsyncScope (node:async_hooks:227:14)
      at Test.run (node:internal/test_runner/test:1325:25)
      at Test.processPendingSubtests (node:internal/test_runner/test:911:18)
      at Test.postRun (node:internal/test_runner/test:1465:19)
      at Test.run (node:internal/test_runner/test:1390:12)
      at async Test.processPendingSubtests (node:internal/test_runner/test:911:7)

test at tests/run-journal.test.mjs:114:1
✖ 07 TTL boundary, irreversible payload retention and caller time validation (0.064291ms)
  Error: NOT_IMPLEMENTED
      at createRunJournal (file:///Users/louiscalata/nisi-next-private/work-orders/run-journal/src/run-journal-v1.mjs:2:44)
      at make (file:///Users/louiscalata/nisi-next-private/work-orders/run-journal/tests/run-journal.test.mjs:11:25)
      at TestContext.<anonymous> (file:///Users/louiscalata/nisi-next-private/work-orders/run-journal/tests/run-journal.test.mjs:115:13)
      at Test.runInAsyncScope (node:async_hooks:227:14)
      at Test.run (node:internal/test_runner/test:1325:25)
      at Test.processPendingSubtests (node:internal/test_runner/test:911:18)
      at Test.postRun (node:internal/test_runner/test:1465:19)
      at Test.run (node:internal/test_runner/test:1390:12)
      at async Test.processPendingSubtests (node:internal/test_runner/test:911:7)

test at tests/run-journal.test.mjs:129:1
✖ 08 stale heartbeat is UNKNOWN and never sufficient for retry (0.262917ms)
  Error: NOT_IMPLEMENTED
      at createRunJournal (file:///Users/louiscalata/nisi-next-private/work-orders/run-journal/src/run-journal-v1.mjs:2:44)
      at make (file:///Users/louiscalata/nisi-next-private/work-orders/run-journal/tests/run-journal.test.mjs:11:25)
      at TestContext.<anonymous> (file:///Users/louiscalata/nisi-next-private/work-orders/run-journal/tests/run-journal.test.mjs:130:13)
      at Test.runInAsyncScope (node:async_hooks:227:14)
      at Test.run (node:internal/test_runner/test:1325:25)
      at Test.processPendingSubtests (node:internal/test_runner/test:911:18)
      at Test.postRun (node:internal/test_runner/test:1465:19)
      at Test.run (node:internal/test_runner/test:1390:12)
      at async Test.processPendingSubtests (node:internal/test_runner/test:911:7)

test at tests/run-journal.test.mjs:143:1
✖ 09 maxEntries bounds retained payloads in insertion order but never forgets ids (0.129208ms)
  Error: NOT_IMPLEMENTED
      at createRunJournal (file:///Users/louiscalata/nisi-next-private/work-orders/run-journal/src/run-journal-v1.mjs:2:44)
      at make (file:///Users/louiscalata/nisi-next-private/work-orders/run-journal/tests/run-journal.test.mjs:11:25)
      at TestContext.<anonymous> (file:///Users/louiscalata/nisi-next-private/work-orders/run-journal/tests/run-journal.test.mjs:144:13)
      at Test.runInAsyncScope (node:async_hooks:227:14)
      at Test.run (node:internal/test_runner/test:1325:25)
      at Test.processPendingSubtests (node:internal/test_runner/test:911:18)
      at Test.postRun (node:internal/test_runner/test:1465:19)
      at Test.run (node:internal/test_runner/test:1390:12)
      at async Test.processPendingSubtests (node:internal/test_runner/test:911:7)

test at tests/run-journal.test.mjs:156:1
✖ 10 revocation cites an existing exact attempt and candidate without deleting it (0.166583ms)
  Error: NOT_IMPLEMENTED
      at createRunJournal (file:///Users/louiscalata/nisi-next-private/work-orders/run-journal/src/run-journal-v1.mjs:2:44)
      at make (file:///Users/louiscalata/nisi-next-private/work-orders/run-journal/tests/run-journal.test.mjs:11:25)
      at TestContext.<anonymous> (file:///Users/louiscalata/nisi-next-private/work-orders/run-journal/tests/run-journal.test.mjs:157:13)
      at Test.runInAsyncScope (node:async_hooks:227:14)
      at Test.run (node:internal/test_runner/test:1325:25)
      at Test.processPendingSubtests (node:internal/test_runner/test:911:18)
      at Test.postRun (node:internal/test_runner/test:1465:19)
      at Test.run (node:internal/test_runner/test:1390:12)
      at async Test.processPendingSubtests (node:internal/test_runner/test:911:7)

test at tests/run-journal.test.mjs:170:1
✖ 11 revocation survives tombstones, expiry, revoker revocation and reopen (0.101042ms)
  Error: NOT_IMPLEMENTED
      at createRunJournal (file:///Users/louiscalata/nisi-next-private/work-orders/run-journal/src/run-journal-v1.mjs:2:44)
      at make (file:///Users/louiscalata/nisi-next-private/work-orders/run-journal/tests/run-journal.test.mjs:11:25)
      at TestContext.<anonymous> (file:///Users/louiscalata/nisi-next-private/work-orders/run-journal/tests/run-journal.test.mjs:171:13)
      at Test.runInAsyncScope (node:async_hooks:227:14)
      at Test.run (node:internal/test_runner/test:1325:25)
      at Test.processPendingSubtests (node:internal/test_runner/test:911:18)
      at Test.postRun (node:internal/test_runner/test:1465:19)
      at Test.run (node:internal/test_runner/test:1390:12)
      at async Test.processPendingSubtests (node:internal/test_runner/test:911:7)

test at tests/run-journal.test.mjs:182:1
✖ 12 declared payload paths redact nested values and arrays before exposure (0.084333ms)
  Error: NOT_IMPLEMENTED
      at createRunJournal (file:///Users/louiscalata/nisi-next-private/work-orders/run-journal/src/run-journal-v1.mjs:2:44)
      at make (file:///Users/louiscalata/nisi-next-private/work-orders/run-journal/tests/run-journal.test.mjs:11:25)
      at TestContext.<anonymous> (file:///Users/louiscalata/nisi-next-private/work-orders/run-journal/tests/run-journal.test.mjs:183:13)
      at Test.runInAsyncScope (node:async_hooks:227:14)
      at Test.run (node:internal/test_runner/test:1325:25)
      at Test.processPendingSubtests (node:internal/test_runner/test:911:18)
      at Test.postRun (node:internal/test_runner/test:1465:19)
      at Test.run (node:internal/test_runner/test:1390:12)
      at async Test.processPendingSubtests (node:internal/test_runner/test:911:7)

test at tests/run-journal.test.mjs:200:1
✖ 13 complete persisted reopen is historical through replay and serialization cycles (0.092708ms)
  Error: NOT_IMPLEMENTED
      at createRunJournal (file:///Users/louiscalata/nisi-next-private/work-orders/run-journal/src/run-journal-v1.mjs:2:44)
      at make (file:///Users/louiscalata/nisi-next-private/work-orders/run-journal/tests/run-journal.test.mjs:11:25)
      at TestContext.<anonymous> (file:///Users/louiscalata/nisi-next-private/work-orders/run-journal/tests/run-journal.test.mjs:201:13)
      at Test.runInAsyncScope (node:async_hooks:227:14)
      at Test.run (node:internal/test_runner/test:1325:25)
      at Test.processPendingSubtests (node:internal/test_runner/test:911:18)
      at Test.postRun (node:internal/test_runner/test:1465:19)
      at Test.run (node:internal/test_runner/test:1390:12)
      at async Test.processPendingSubtests (node:internal/test_runner/test:911:7)

test at tests/run-journal.test.mjs:217:1
✖ 14 truncation recovers only committed prefix and cannot be resealed or appended (0.104292ms)
  Error: NOT_IMPLEMENTED
      at createRunJournal (file:///Users/louiscalata/nisi-next-private/work-orders/run-journal/src/run-journal-v1.mjs:2:44)
      at make (file:///Users/louiscalata/nisi-next-private/work-orders/run-journal/tests/run-journal.test.mjs:11:25)
      at fixture (file:///Users/louiscalata/nisi-next-private/work-orders/run-journal/tests/run-journal.test.mjs:21:13)
      at TestContext.<anonymous> (file:///Users/louiscalata/nisi-next-private/work-orders/run-journal/tests/run-journal.test.mjs:218:21)
      at Test.runInAsyncScope (node:async_hooks:227:14)
      at Test.run (node:internal/test_runner/test:1325:25)
      at Test.processPendingSubtests (node:internal/test_runner/test:911:18)
      at Test.postRun (node:internal/test_runner/test:1465:19)
      at Test.run (node:internal/test_runner/test:1390:12)
      at async Test.processPendingSubtests (node:internal/test_runner/test:911:7)

test at tests/run-journal.test.mjs:233:1
✖ 15 invalid line stops recovery; deletion or reordering cannot bless later entries (0.056959ms)
  Error: NOT_IMPLEMENTED
      at createRunJournal (file:///Users/louiscalata/nisi-next-private/work-orders/run-journal/src/run-journal-v1.mjs:2:44)
      at make (file:///Users/louiscalata/nisi-next-private/work-orders/run-journal/tests/run-journal.test.mjs:11:25)
      at fixture (file:///Users/louiscalata/nisi-next-private/work-orders/run-journal/tests/run-journal.test.mjs:21:13)
      at TestContext.<anonymous> (file:///Users/louiscalata/nisi-next-private/work-orders/run-journal/tests/run-journal.test.mjs:234:21)
      at Test.runInAsyncScope (node:async_hooks:227:14)
      at Test.run (node:internal/test_runner/test:1325:25)
      at Test.processPendingSubtests (node:internal/test_runner/test:911:18)
      at Test.postRun (node:internal/test_runner/test:1465:19)
      at Test.run (node:internal/test_runner/test:1390:12)
      at async Test.processPendingSubtests (node:internal/test_runner/test:911:7)

test at tests/run-journal.test.mjs:246:1
✖ 16 footer mismatches and data after footer report uncertainty without losing recovered ids (0.050125ms)
  Error: NOT_IMPLEMENTED
      at createRunJournal (file:///Users/louiscalata/nisi-next-private/work-orders/run-journal/src/run-journal-v1.mjs:2:44)
      at make (file:///Users/louiscalata/nisi-next-private/work-orders/run-journal/tests/run-journal.test.mjs:11:25)
      at fixture (file:///Users/louiscalata/nisi-next-private/work-orders/run-journal/tests/run-journal.test.mjs:21:13)
      at TestContext.<anonymous> (file:///Users/louiscalata/nisi-next-private/work-orders/run-journal/tests/run-journal.test.mjs:247:22)
      at Test.runInAsyncScope (node:async_hooks:227:14)
      at Test.run (node:internal/test_runner/test:1325:25)
      at Test.processPendingSubtests (node:internal/test_runner/test:911:18)
      at Test.postRun (node:internal/test_runner/test:1465:19)
      at Test.run (node:internal/test_runner/test:1390:12)
      at async Test.processPendingSubtests (node:internal/test_runner/test:911:7)

test at tests/run-journal.test.mjs:257:1
✖ 17 closed persisted schema rejects profiles, duplicate ids and semantically invalid records (0.064417ms)
  Error: NOT_IMPLEMENTED
      at createRunJournal (file:///Users/louiscalata/nisi-next-private/work-orders/run-journal/src/run-journal-v1.mjs:2:44)
      at make (file:///Users/louiscalata/nisi-next-private/work-orders/run-journal/tests/run-journal.test.mjs:11:25)
      at fixture (file:///Users/louiscalata/nisi-next-private/work-orders/run-journal/tests/run-journal.test.mjs:21:13)
      at TestContext.<anonymous> (file:///Users/louiscalata/nisi-next-private/work-orders/run-journal/tests/run-journal.test.mjs:258:36)
      at Test.runInAsyncScope (node:async_hooks:227:14)
      at Test.run (node:internal/test_runner/test:1325:25)
      at Test.processPendingSubtests (node:internal/test_runner/test:911:18)
      at Test.postRun (node:internal/test_runner/test:1465:19)
      at Test.run (node:internal/test_runner/test:1390:12)
      at async Test.processPendingSubtests (node:internal/test_runner/test:911:7)

test at tests/run-journal.test.mjs:274:1
✖ 18 snapshots are deeply frozen, caller-independent and serialization is deterministic (0.070916ms)
  Error: NOT_IMPLEMENTED
      at createRunJournal (file:///Users/louiscalata/nisi-next-private/work-orders/run-journal/src/run-journal-v1.mjs:2:44)
      at TestContext.<anonymous> (file:///Users/louiscalata/nisi-next-private/work-orders/run-journal/tests/run-journal.test.mjs:275:35)
      at Test.runInAsyncScope (node:async_hooks:227:14)
      at Test.run (node:internal/test_runner/test:1325:25)
      at Test.processPendingSubtests (node:internal/test_runner/test:911:18)
      at Test.postRun (node:internal/test_runner/test:1465:19)
      at Test.run (node:internal/test_runner/test:1390:12)
      at async Test.processPendingSubtests (node:internal/test_runner/test:911:7)
